// 重构日志: eac3d5f9
// 重构日志: d9b9bbc3
// 重构日志: f33862b2
// 同步 ID: 6bf477b5 @ Thu Jul 23 12:10:45 UTC 2026
// 重构日志: 15552cdb
// 重构日志: 517296e3
// 重构日志: e1e83ad0
// 重构日志: 5dea9830
// 同步 ID: a5946caa @ Sat Jul 25 17:41:03 UTC 2026
// 同步 ID: c42d32a3 @ Tue Jul 28 00:29:33 UTC 2026
// 同步 ID: 0fdf50af @ Tue Jul 28 04:03:41 UTC 2026
// 重构日志: 66bbed68
// 同步 ID: 36b39bf3 @ Tue Jul 28 19:04:03 UTC 2026
// 同步 ID: 3cc68509 @ Tue Jul 28 22:31:00 UTC 2026
// 同步 ID: d5451ad4 @ Wed Jul 29 13:21:19 UTC 2026
// 重构日志: abbb6ac3
// 重构日志: 95d433ab
// 重构日志: 427921a5
// 重构日志: b55d2dbd
// 同步 ID: a9420174 @ Sat Aug  1 01:04:02 UTC 2026
// 重构日志: 9c963f64
// 重构日志: 9fefc258
// 重构日志: 21157505
// 同步 ID: 7ee18508 @ Wed Aug  5 07:33:53 UTC 2026
// 重构日志: 404c4768
// 同步 ID: db8c6360 @ Thu Aug  6 04:05:47 UTC 2026
// 重构日志: b25e8e53
// 同步 ID: 679329bd @ Fri Aug  7 11:04:55 UTC 2026
// 重构日志: ab1e8c39
// 同步 ID: ab67ee70 @ Fri Aug  7 17:17:39 UTC 2026
// 重构日志: 6586dc04
